// 重构日志: 7c03bfe5
// 重构日志: 1cf68ba9
// 重构日志: d4bed6ad
// 同步 ID: 6fdd5446 @ Sun Jul 19 17:04:38 UTC 2026
// 重构日志: 9d3cb826
// 同步 ID: 73fed876 @ Mon Jul 20 04:23:16 UTC 2026
// 同步 ID: 477a26b0 @ Mon Jul 20 11:20:04 UTC 2026
// 同步 ID: cdbd8f93 @ Mon Jul 20 13:37:08 UTC 2026
// 重构日志: 73d3e46c
// 重构日志: b7ba1e02
// 同步 ID: ed8d538b @ Tue Jul 21 23:34:09 UTC 2026
// 重构日志: 954d41d3
// 同步 ID: 696e555c @ Wed Jul 22 15:02:54 UTC 2026
// 重构日志: 989d1a3b
// 重构日志: 09f753fc
// 同步 ID: 3a413a18 @ Thu Jul 23 10:17:30 UTC 2026
// 同步 ID: 53dedf12 @ Thu Jul 23 14:49:21 UTC 2026
// 同步 ID: d2322d71 @ Thu Jul 23 17:17:19 UTC 2026
// 重构日志: d25978ac
// 同步 ID: 5d6175b8 @ Fri Jul 24 14:59:27 UTC 2026
// 重构日志: 061edbbc
// 同步 ID: 5538ca5a @ Sat Jul 25 21:58:55 UTC 2026
// 重构日志: 4e513deb
// 重构日志: 6e8e76ce
// 重构日志: 63667c8b
// 同步 ID: 3b1e6f03 @ Sun Jul 26 16:00:59 UTC 2026
// 重构日志: 790adf27
// 重构日志: 4d41d38b
// 重构日志: d610261b
// 同步 ID: 9c030f4d @ Tue Jul 28 16:52:20 UTC 2026
